// Jest Snapshot v1, https://goo.gl/fbAQLP

exports[`StacksOverviewComponent should match snapshot 1`] = `
<ng-component
  __ngContext__={[Function Number]}
  _service={[Function StacksService]}
  stacks$={[Function Observable]}
>
  <div
    class="px-4"
  >
    <div
      class="flex items-end"
    >
      <button
        class="mb-3 mdc-button mat-mdc-button"
        mat-button=""
        routerlink="create"
        tabindex="0"
      >
        <span
          class="mat-mdc-button-persistent-ripple"
        />
        <mat-icon
          aria-hidden="true"
          class="mat-icon notranslate"
          role="img"
        >
          add
        </mat-icon>
        <span
          class="mdc-button__label"
        />
        <span
          class="mat-mdc-focus-indicator"
        />
        <span
          class="mat-ripple mat-mdc-button-ripple"
          matripple=""
        />
        <span
          class="mat-mdc-button-touch-target"
        />
      </button>
      <h3>
        Stacks
      </h3>
    </div>
    <mat-divider
      class="mat-divider"
      role="separator"
    />
    <div
      class="grid xl:grid-cols-8 lg:grid-cols-6 md:grid-cols-4 sm:grid-cols-3 grid-cols-2 gap-4 mt-3 h-100"
    >
    </div>
  </div>
</ng-component>
`;
