// Jest Snapshot v1, https://goo.gl/fbAQLP

exports[`AppComponent should match snapshot 1`] = `
<mys-root
  __ngContext__={[Function Number]}
  title={[Function String]}
>
  <mys-layout>
    <mat-toolbar
      class="mat-toolbar mat-primary"
      color="primary"
    >
      <div
        class="container mx-auto flex items-center"
      >
        <button
          aria-label="Open Navigation"
          class="mdc-icon-button mat-mdc-icon-button"
          data-test-id="navigtationButton"
          mat-icon-button=""
        >
          <span
            class="mat-mdc-button-persistent-ripple mdc-icon-button__ripple"
          />
          <mat-icon
            aria-hidden="true"
            class="mat-icon notranslate"
            role="img"
          >
            menu
          </mat-icon>
          <span
            class="mat-mdc-focus-indicator"
          />
          <span
            class="mat-ripple mat-mdc-button-ripple"
            matripple=""
          />
          <span
            class="mat-mdc-button-touch-target"
          />
        </button>
        <span
          class="mr-4"
        >
        </span>
      </div>
    </mat-toolbar>
    <main>
      <mat-drawer-container
        class="mat-drawer-container"
      >
        <mat-drawer
          autofocus="false"
          class="mat-drawer ng-trigger ng-trigger-transform"
          data-test-id="sidebar"
          mode="over"
          tabindex="-1"
        >
          <div
            cdkscrollable=""
            class="mat-drawer-inner-container"
          />
        </mat-drawer>
        <mat-drawer-content
          class="mat-drawer-content container mx-auto pt-3"
        >
          <router-outlet />
        </mat-drawer-content>
      </mat-drawer-container>
    </main>
  </mys-layout>
</mys-root>
`;
